// Jest Snapshot v1, https://goo.gl/fbAQLP

exports[`renders the homepage correctly 1`] = `
Array [
  <div
    style={
      Object {
        "display": "flex",
        "flexDirection": "row",
        "justifyContent": "space-between",
      }
    }
  >
    <div
      style={
        Object {
          "marginLeft": "10px",
        }
      }
    >
      <h1>
        Math Magicians
      </h1>
    </div>
    <div
      style={
        Object {
          "margin": "30px",
        }
      }
    >
      <a
        href="/"
        onClick={[Function]}
        style={
          Object {
            "paddingRight": "10px",
          }
        }
      >
        Home
      </a>
      <a
        href="/calculator"
        onClick={[Function]}
        style={
          Object {
            "paddingRight": "10px",
          }
        }
      >
        Calculator
      </a>
      <a
        href="/quote"
        onClick={[Function]}
      >
        Quote of the day
      </a>
    </div>
  </div>,
  <div
    style={
      Object {
        "margin": "50px",
      }
    }
  >
    <h1>
      Home
    </h1>
    <p>
      Lorem ipsum dolor sit amet, consectetur adipiscing elit, sed do eiusmod tempor incididunt ut labore et dolore magna aliqua. Ut enim ad minim veniam, quis nostrud exercitation ullamco laboris nisi ut aliquip ex ea commodo consequat. Duis aute irure dolor in reprehenderit in voluptate velit esse cillum dolore eu fugiat nulla pariatur. Excepteur sint occaecat cupidatat non proident, sunt in culpa qui officia deserunt mollit anim id est laborum.
    </p>
  </div>,
]
`;
