// Jest Snapshot v1, https://goo.gl/fbAQLP

exports[`renders the quote correctly 1`] = `
Array [
  <div
    style={
      Object {
        "display": "flex",
        "flexDirection": "row",
        "justifyContent": "space-between",
      }
    }
  >
    <div
      style={
        Object {
          "marginLeft": "10px",
        }
      }
    >
      <h1>
        Math Magicians
      </h1>
    </div>
    <div
      style={
        Object {
          "margin": "30px",
        }
      }
    >
      <a
        href="/"
        onClick={[Function]}
        style={
          Object {
            "paddingRight": "10px",
          }
        }
      >
        Home
      </a>
      <a
        href="/calculator"
        onClick={[Function]}
        style={
          Object {
            "paddingRight": "10px",
          }
        }
      >
        Calculator
      </a>
      <a
        href="/quote"
        onClick={[Function]}
      >
        Quote of the day
      </a>
    </div>
  </div>,
  <div
    style={
      Object {
        "margin": "50px",
        "textAlign": "center",
      }
    }
  >
    <h1>
      Hello from the real world
    </h1>
    <p>
      What you know you can't explain, but you feel it.
      <br />
      You've felt it your entire life, that there's something wrong with the world. You don't know what it is, but it's there, like a splinter in your mind, driving you mad.
    </p>
  </div>,
]
`;
